задание: 2.1.2
проект: 211-command-usb
устройство: 2e8a:000a
серийный номер: E66098F29B477B39
порт: COM23
начало: 2026-09-28T16:06:56
   0.000 --> enable
   0.124 <-- enable
   0.125 <-- dbg read_line:106 got enable
   2.126 --> disable
   2.285 <-- disable
   2.286 <-- dbg read_line:106 got disable
   4.287 --> info
   4.386 <-- info
   4.386 <-- dbg read_line:106 got info
   4.387 <-- device: es-led-module 1.0.0, built Sep 28 2026 14:24:46, log level 3
   6.390 --> ping
   6.487 <-- ping
   6.487 <-- dbg read_line:106 got ping
   6.487 <-- pong
   8.489 --> nosuchcommand
   8.768 <-- nosuchcommand
   8.768 <-- dbg read_line:106 got nosuchcommand
   8.769 <-- err handle_command:87 unknown command: nosuchcommand
итог: отправлено команд 5, принято строк 13
