задание: 2.1.3
проект: 211-command-usb
устройство: 2e8a:000a
серийный номер: E66098F29B477B39
порт: COM23
начало: 2026-09-29T15:02:33
   0.000 --> mem_info
   0.176 <-- mem_info
   0.177 <-- dbg read_line:113 got mem_info
   0.178 <-- area       start      end        size
   0.179 <-- flash      0x10000000 0x10200000  2097152
   0.180 <-- sram       0x20000000 0x20042000   270336
   0.180 <-- rom        0x00000000 0x00004000    16384
   0.181 <-- image      0x10000000 0x10008dd8    36312
   0.182 <-- free       0x10008dd8 0x10200000  2060840
   0.183 <-- boot2      0x10000000 0x10000100      256
   0.183 <-- text       0x10000100 0x100081a8    32936
   0.184 <-- data flash 0x100081a8 0x10008dd8     3120
   0.185 <-- data ram   0x200000c0 0x20000cf0     3120
   0.186 <-- bss        0x20000cf0 0x2000193c     3148
   0.187 <-- heap       0x2000193c 0x20040000   255684
   0.188 <-- stack      0x20041800 0x20042000     2048
   0.189 <-- total
   0.191 <-- flash image 	 36312 = boot2 256 + text 32936 + data 3120
   0.191 <-- flash free 	 2060840 of 2097152
   0.192 <-- ram used 	 6268 = data 3120 + bss 3148
   0.193 <-- ram free 	 255684 for heap and 2048 for stack
итог: отправлено команд 1, принято строк 20
